// Jest Snapshot v1, https://goo.gl/fbAQLP

exports[`renders correctly 1`] = `
<View
  onLayout={[Function]}
  style={
    Array [
      Object {
        "alignItems": "center",
        "backgroundColor": "white",
        "flex": 1,
        "justifyContent": "center",
      },
      Object {
        "paddingBottom": 0,
      },
    ]
  }
>
  <View
    style={
      Object {
        "backgroundColor": "#00b4d8",
        "borderBottomLeftRadius": 100,
        "height": "70%",
        "left": -100,
        "position": "absolute",
        "top": -50,
        "transform": Array [
          Object {
            "rotate": "20deg",
          },
        ],
        "width": "200%",
        "zIndex": -1,
      }
    }
  />
  <View
    style={
      Object {
        "backgroundColor": "grey",
        "borderRadius": 50,
        "flexDirection": "row",
        "justifyContent": "flex-end",
        "position": "absolute",
        "top": 25,
        "width": "80%",
      }
    }
  >
    <TextInput
      accessibilityLabel="textInput"
      allowFontScaling={true}
      onChangeText={[Function]}
      rejectResponderTermination={true}
      selectionColor="white"
      style={
        Object {
          "width": "80%",
        }
      }
      underlineColorAndroid="transparent"
      value=""
    />
    <View
      accessibilityLabel="searchButton"
      accessible={true}
      focusable={true}
      onClick={[Function]}
      onResponderGrant={[Function]}
      onResponderMove={[Function]}
      onResponderRelease={[Function]}
      onResponderTerminate={[Function]}
      onResponderTerminationRequest={[Function]}
      onStartShouldSetResponder={[Function]}
      style={
        Object {
          "alignItems": "center",
          "backgroundColor": "white",
          "borderRadius": 50,
          "elevation": 20,
          "height": 50,
          "justifyContent": "center",
          "opacity": 1,
          "shadowColor": "#000",
          "shadowOpacity": 1,
          "shadowRadius": 20,
          "width": 50,
        }
      }
    >
      <Text
        allowFontScaling={false}
        style={
          Array [
            Object {
              "color": "#000",
              "fontSize": 20,
            },
            undefined,
            Object {
              "fontFamily": "Material Icons",
              "fontStyle": "normal",
              "fontWeight": "normal",
            },
            Object {},
          ]
        }
      >
        
      </Text>
    </View>
  </View>
</View>
`;
